// Jest Snapshot v1, https://goo.gl/fbAQLP

exports[`src/components/Button should be rendered correctly 1`] = `
<button
  className="button"
/>
`;
